// Jest Snapshot v1, https://goo.gl/fbAQLP

exports[`NavBar properly renders 1`] = `ShallowWrapper {}`;
